// Jest Snapshot v1, https://goo.gl/fbAQLP

exports[`CustomNetworkList renders without crashing 1`] = `
ShallowWrapper {
  "length": 1,
  Symbol(enzyme.__root__): [Circular],
  Symbol(enzyme.__unrendered__): <CustomNetworkList
    config={
      Object {
        "selectedNetworkId": "MainNet ",
      }
    }
    deleteCustomNetwork={[MockFunction]}
    networks={
      Object {
        "Local": Object {
          "canDelete": true,
          "name": "local",
          "url": "http://127.0.0.1:5000",
        },
        "MainNet": Object {
          "canDelete": false,
          "name": "MainNet",
          "url": "http://api.wallet.cityofzion.io",
        },
      }
    }
    selectedNetworkId="MainNet"
    setNetwork={[MockFunction]}
  />,
  Symbol(enzyme.__renderer__): Object {
    "batchedUpdates": [Function],
    "getNode": [Function],
    "render": [Function],
    "simulateEvent": [Function],
    "unmount": [Function],
  },
  Symbol(enzyme.__node__): Object {
    "instance": null,
    "key": undefined,
    "nodeType": "function",
    "props": Object {
      "children": Array [
        false,
        <SettingsNavigation
          history={undefined}
        />,
        <section
          className="manageNetworksContainer"
        >
          <h1
            className="manageNetworksHeading"
          >
            Manage Networks
          </h1>
          <UNDEFINED>
            <CustomNetworkCard
              dropDownContent={
                <ul
                  className="customNetworkDropdown"
                >
                  <li>
                    <button
                      className="customNetworkDropDownButton"
                      onClick={[Function]}
                    >
                      <i
                        className="fas fa-trash"
                      />
                       Delete
                    </button>
                  </li>
                </ul>
              }
              name="local"
              url="http://127.0.0.1:5000"
            />
          </UNDEFINED>
        </section>,
      ],
    },
    "ref": null,
    "rendered": Array [
      false,
      Object {
        "instance": null,
        "key": undefined,
        "nodeType": "function",
        "props": Object {
          "history": undefined,
        },
        "ref": null,
        "rendered": null,
        "type": [Function],
      },
      Object {
        "instance": null,
        "key": undefined,
        "nodeType": "host",
        "props": Object {
          "children": Array [
            <h1
              className="manageNetworksHeading"
            >
              Manage Networks
            </h1>,
            <UNDEFINED>
              <CustomNetworkCard
                dropDownContent={
                  <ul
                    className="customNetworkDropdown"
                  >
                    <li>
                      <button
                        className="customNetworkDropDownButton"
                        onClick={[Function]}
                      >
                        <i
                          className="fas fa-trash"
                        />
                         Delete
                      </button>
                    </li>
                  </ul>
                }
                name="local"
                url="http://127.0.0.1:5000"
              />
            </UNDEFINED>,
          ],
          "className": "manageNetworksContainer",
        },
        "ref": null,
        "rendered": Array [
          Object {
            "instance": null,
            "key": undefined,
            "nodeType": "host",
            "props": Object {
              "children": "Manage Networks",
              "className": "manageNetworksHeading",
            },
            "ref": null,
            "rendered": "Manage Networks",
            "type": "h1",
          },
          Object {
            "instance": null,
            "key": undefined,
            "nodeType": "function",
            "props": Object {
              "children": Array [
                <CustomNetworkCard
                  dropDownContent={
                    <ul
                      className="customNetworkDropdown"
                    >
                      <li>
                        <button
                          className="customNetworkDropDownButton"
                          onClick={[Function]}
                        >
                          <i
                            className="fas fa-trash"
                          />
                           Delete
                        </button>
                      </li>
                    </ul>
                  }
                  name="local"
                  url="http://127.0.0.1:5000"
                />,
              ],
            },
            "ref": null,
            "rendered": Array [
              Object {
                "instance": null,
                "key": "local",
                "nodeType": "function",
                "props": Object {
                  "dropDownContent": <ul
                    className="customNetworkDropdown"
                  >
                    <li>
                      <button
                        className="customNetworkDropDownButton"
                        onClick={[Function]}
                      >
                        <i
                          className="fas fa-trash"
                        />
                         Delete
                      </button>
                    </li>
                  </ul>,
                  "name": "local",
                  "url": "http://127.0.0.1:5000",
                },
                "ref": null,
                "rendered": null,
                "type": [Function],
              },
            ],
            "type": Symbol(react.fragment),
          },
        ],
        "type": "section",
      },
    ],
    "type": Symbol(react.fragment),
  },
  Symbol(enzyme.__nodes__): Array [
    Object {
      "instance": null,
      "key": undefined,
      "nodeType": "function",
      "props": Object {
        "children": Array [
          false,
          <SettingsNavigation
            history={undefined}
          />,
          <section
            className="manageNetworksContainer"
          >
            <h1
              className="manageNetworksHeading"
            >
              Manage Networks
            </h1>
            <UNDEFINED>
              <CustomNetworkCard
                dropDownContent={
                  <ul
                    className="customNetworkDropdown"
                  >
                    <li>
                      <button
                        className="customNetworkDropDownButton"
                        onClick={[Function]}
                      >
                        <i
                          className="fas fa-trash"
                        />
                         Delete
                      </button>
                    </li>
                  </ul>
                }
                name="local"
                url="http://127.0.0.1:5000"
              />
            </UNDEFINED>
          </section>,
        ],
      },
      "ref": null,
      "rendered": Array [
        false,
        Object {
          "instance": null,
          "key": undefined,
          "nodeType": "function",
          "props": Object {
            "history": undefined,
          },
          "ref": null,
          "rendered": null,
          "type": [Function],
        },
        Object {
          "instance": null,
          "key": undefined,
          "nodeType": "host",
          "props": Object {
            "children": Array [
              <h1
                className="manageNetworksHeading"
              >
                Manage Networks
              </h1>,
              <UNDEFINED>
                <CustomNetworkCard
                  dropDownContent={
                    <ul
                      className="customNetworkDropdown"
                    >
                      <li>
                        <button
                          className="customNetworkDropDownButton"
                          onClick={[Function]}
                        >
                          <i
                            className="fas fa-trash"
                          />
                           Delete
                        </button>
                      </li>
                    </ul>
                  }
                  name="local"
                  url="http://127.0.0.1:5000"
                />
              </UNDEFINED>,
            ],
            "className": "manageNetworksContainer",
          },
          "ref": null,
          "rendered": Array [
            Object {
              "instance": null,
              "key": undefined,
              "nodeType": "host",
              "props": Object {
                "children": "Manage Networks",
                "className": "manageNetworksHeading",
              },
              "ref": null,
              "rendered": "Manage Networks",
              "type": "h1",
            },
            Object {
              "instance": null,
              "key": undefined,
              "nodeType": "function",
              "props": Object {
                "children": Array [
                  <CustomNetworkCard
                    dropDownContent={
                      <ul
                        className="customNetworkDropdown"
                      >
                        <li>
                          <button
                            className="customNetworkDropDownButton"
                            onClick={[Function]}
                          >
                            <i
                              className="fas fa-trash"
                            />
                             Delete
                          </button>
                        </li>
                      </ul>
                    }
                    name="local"
                    url="http://127.0.0.1:5000"
                  />,
                ],
              },
              "ref": null,
              "rendered": Array [
                Object {
                  "instance": null,
                  "key": "local",
                  "nodeType": "function",
                  "props": Object {
                    "dropDownContent": <ul
                      className="customNetworkDropdown"
                    >
                      <li>
                        <button
                          className="customNetworkDropDownButton"
                          onClick={[Function]}
                        >
                          <i
                            className="fas fa-trash"
                          />
                           Delete
                        </button>
                      </li>
                    </ul>,
                    "name": "local",
                    "url": "http://127.0.0.1:5000",
                  },
                  "ref": null,
                  "rendered": null,
                  "type": [Function],
                },
              ],
              "type": Symbol(react.fragment),
            },
          ],
          "type": "section",
        },
      ],
      "type": Symbol(react.fragment),
    },
  ],
  Symbol(enzyme.__options__): Object {
    "adapter": ReactSixteenAdapter {
      "options": Object {
        "enableComponentDidUpdateOnSetState": true,
      },
    },
  },
}
`;
